<html>
<body>
<pre>
<h1>µVision Build Log</h1>
<h2>Tool Versions:</h2>
IDE-Version: ¦ÌVision V5.26.2.0
Copyright (C) 2018 ARM Ltd and ARM Germany GmbH. All rights reserved.
License Information: a b, c, LIC=76F5U-STZRR-30NNC-7VQU7-81HVF-D5PIT
 
Tool Versions:
Toolchain:       MDK-ARM Plus  Version: 5.26.2.0
Toolchain Path:  C:\MDKARM_v5\ARM\ARMCLANG\Bin
C Compiler:      ArmClang.exe V6.10.1
Assembler:       Armasm.exe V6.10.1
Linker/Locator:  ArmLink.exe V6.10.1
Library Manager: ArmAr.exe V6.10.1
Hex Converter:   FromElf.exe V6.10.1
CPU DLL:         SARMCM3.DLL V5.26.2.0
Dialog DLL:      DARMCM1.DLL V1.19.1.0
Target DLL:      Segger\JL2CM3.dll V2.99.15.0
Dialog DLL:      TARMCM1.DLL V1.14.0.0
 
<h2>Project:</h2>
E:\Git-category\HDSC\MCU-HDSC-SDK-HC32L136\TEST\examples-test\gpio_output\MDK\gpio_output.uvprojx
Project File Date:  06/01/2021

<h2>Output:</h2>
*** Using Compiler 'V6.10.1', folder: 'C:\MDKARM_v5\ARM\ARMCLANG\Bin'
Rebuild target 'gpio_output_Release'
assembling startup_hc32l13x.s...
compiling interrupts_hc32l13x.c...
compiling main.c...
compiling system_hc32l13x.c...
compiling ddl.c...
compiling sysctrl.c...
compiling gpio.c...
linking...
Program Size: Code=1248 RO-data=224 RW-data=4 ZI-data=516  
FromELF: creating hex file...
".\output\release\gpio_output.axf" - 0 Error(s), 0 Warning(s).

<h2>Software Packages used:</h2>

Package Vendor: ARM
                http://www.keil.com/pack/ARM.CMSIS.5.7.0.pack
                ARM.CMSIS.5.7.0
                CMSIS (Cortex Microcontroller Software Interface Standard)
   * Component: CORE Version: 5.4.0

<h2>Collection of Component include folders:</h2>
  .\RTE\_gpio_output_Release
  C:\MDKARM_v5\ARM\PACK\ARM\CMSIS\5.7.0\CMSIS\Core\Include
  C:\MDKARM_v5\ARM\PACK\ARM\CMSIS\5.7.0\Device\ARM\ARMCM0plus\Include

<h2>Collection of Component Files used:</h2>

   * Component: ARM::CMSIS:CORE:5.4.0
Build Time Elapsed:  00:00:03
</pre>
</body>
</html>
