Component: ARM Compiler 6.10.1 Tool: armlink [5d142800]

==============================================================================

Image Symbol Table

    Local Symbols

    Symbol Name                              Value     Ov Type        Size  Object(Section)

    RESET                                    0x00000000   Section      192  startup_hc32l13x.o(RESET)
    ../clib/microlib/division.c              0x00000000   Number         0  uidiv.o ABSOLUTE
    ../clib/microlib/init/entry.s            0x00000000   Number         0  entry8b.o ABSOLUTE
    ../clib/microlib/init/entry.s            0x00000000   Number         0  entry2.o ABSOLUTE
    ../clib/microlib/init/entry.s            0x00000000   Number         0  entry9a.o ABSOLUTE
    ../clib/microlib/init/entry.s            0x00000000   Number         0  entry11b.o ABSOLUTE
    ../clib/microlib/init/entry.s            0x00000000   Number         0  entry5.o ABSOLUTE
    ../clib/microlib/init/entry.s            0x00000000   Number         0  entry11a.o ABSOLUTE
    ../clib/microlib/init/entry.s            0x00000000   Number         0  entry7a.o ABSOLUTE
    ../clib/microlib/init/entry.s            0x00000000   Number         0  entry10b.o ABSOLUTE
    ../clib/microlib/init/entry.s            0x00000000   Number         0  entry7b.o ABSOLUTE
    ../clib/microlib/init/entry.s            0x00000000   Number         0  entry10a.o ABSOLUTE
    ../clib/microlib/init/entry.s            0x00000000   Number         0  entry9b.o ABSOLUTE
    ../clib/microlib/init/entry.s            0x00000000   Number         0  entry8a.o ABSOLUTE
    ../clib/microlib/init/entry.s            0x00000000   Number         0  entry.o ABSOLUTE
    dc.s                                     0x00000000   Number         0  dc.o ABSOLUTE
    ddl.c                                    0x00000000   Number         0  ddl.o ABSOLUTE
    gpio.c                                   0x00000000   Number         0  gpio.o ABSOLUTE
    handlers.s                               0x00000000   Number         0  handlers.o ABSOLUTE
    init.s                                   0x00000000   Number         0  init.o ABSOLUTE
    interrupts_hc32l13x.c                    0x00000000   Number         0  interrupts_hc32l13x.o ABSOLUTE
    main.c                                   0x00000000   Number         0  main.o ABSOLUTE
    startup_hc32l13x.s                       0x00000000   Number         0  startup_hc32l13x.o ABSOLUTE
    sysctrl.c                                0x00000000   Number         0  sysctrl.o ABSOLUTE
    system_hc32l13x.c                        0x00000000   Number         0  system_hc32l13x.o ABSOLUTE
    .ARM.Collect$$$$00000000                 0x000000c0   Section        0  entry.o(.ARM.Collect$$$$00000000)
    .ARM.Collect$$$$00000001                 0x000000c0   Section        4  entry2.o(.ARM.Collect$$$$00000001)
    .ARM.Collect$$$$00000004                 0x000000c4   Section        4  entry5.o(.ARM.Collect$$$$00000004)
    .ARM.Collect$$$$00000008                 0x000000c8   Section        0  entry7b.o(.ARM.Collect$$$$00000008)
    .ARM.Collect$$$$0000000A                 0x000000c8   Section        0  entry8b.o(.ARM.Collect$$$$0000000A)
    .ARM.Collect$$$$0000000B                 0x000000c8   Section        8  entry9a.o(.ARM.Collect$$$$0000000B)
    .ARM.Collect$$$$0000000D                 0x000000d0   Section        0  entry10a.o(.ARM.Collect$$$$0000000D)
    .ARM.Collect$$$$0000000F                 0x000000d0   Section        0  entry11a.o(.ARM.Collect$$$$0000000F)
    .ARM.Collect$$$$00002712                 0x000000d0   Section        4  entry2.o(.ARM.Collect$$$$00002712)
    __lit__00000000                          0x000000d0   Data           4  entry2.o(.ARM.Collect$$$$00002712)
    .text                                    0x000000d4   Section       60  startup_hc32l13x.o(.text)
    .text                                    0x00000110   Section        0  uidiv.o(.text)
    .text                                    0x0000013c   Section       36  init.o(.text)
    [Anonymous Symbol]                       0x00000160   Section        0  system_hc32l13x.o(.text.$Sub$$main)
    [Anonymous Symbol]                       0x0000016e   Section        0  interrupts_hc32l13x.o(.text.ADC_IRQHandler)
    [Anonymous Symbol]                       0x00000176   Section        0  interrupts_hc32l13x.o(.text.CLKTRIM_IRQHandler)
    [Anonymous Symbol]                       0x0000017e   Section        0  interrupts_hc32l13x.o(.text.DMAC_IRQHandler)
    [Anonymous Symbol]                       0x00000186   Section        0  interrupts_hc32l13x.o(.text.FLASH_RAM_IRQHandler)
    [Anonymous Symbol]                       0x00000194   Section        0  gpio.o(.text.Gpio_ClrIO)
    __arm_cp.8_0                             0x000001a4   Number         4  gpio.o(.text.Gpio_ClrIO)
    [Anonymous Symbol]                       0x000001a8   Section        0  gpio.o(.text.Gpio_Init)
    __arm_cp.0_0                             0x0000021c   Number         4  gpio.o(.text.Gpio_Init)
    __arm_cp.0_1                             0x00000220   Number         4  gpio.o(.text.Gpio_Init)
    __arm_cp.0_2                             0x00000224   Number         4  gpio.o(.text.Gpio_Init)
    __arm_cp.0_3                             0x00000228   Number         4  gpio.o(.text.Gpio_Init)
    [Anonymous Symbol]                       0x0000022c   Section        0  gpio.o(.text.Gpio_SetIO)
    __arm_cp.6_0                             0x0000023c   Number         4  gpio.o(.text.Gpio_SetIO)
    [Anonymous Symbol]                       0x00000240   Section        0  interrupts_hc32l13x.o(.text.HardFault_Handler)
    [Anonymous Symbol]                       0x00000250   Section        0  interrupts_hc32l13x.o(.text.I2C0_IRQHandler)
    [Anonymous Symbol]                       0x00000258   Section        0  interrupts_hc32l13x.o(.text.I2C1_IRQHandler)
    [Anonymous Symbol]                       0x00000260   Section        0  interrupts_hc32l13x.o(.text.LCD_IRQHandler)
    [Anonymous Symbol]                       0x00000268   Section        0  interrupts_hc32l13x.o(.text.LPTIM_IRQHandler)
    [Anonymous Symbol]                       0x00000270   Section        0  interrupts_hc32l13x.o(.text.LPUART0_IRQHandler)
    [Anonymous Symbol]                       0x00000278   Section        0  interrupts_hc32l13x.o(.text.LPUART1_IRQHandler)
    [Anonymous Symbol]                       0x00000280   Section        0  interrupts_hc32l13x.o(.text.LVD_IRQHandler)
    [Anonymous Symbol]                       0x00000288   Section        0  interrupts_hc32l13x.o(.text.PCA_IRQHandler)
    [Anonymous Symbol]                       0x00000290   Section        0  interrupts_hc32l13x.o(.text.PCNT_IRQHandler)
    [Anonymous Symbol]                       0x00000298   Section        0  interrupts_hc32l13x.o(.text.PORTA_IRQHandler)
    [Anonymous Symbol]                       0x000002a0   Section        0  interrupts_hc32l13x.o(.text.PORTB_IRQHandler)
    [Anonymous Symbol]                       0x000002a8   Section        0  interrupts_hc32l13x.o(.text.PORTC_IRQHandler)
    [Anonymous Symbol]                       0x000002b0   Section        0  interrupts_hc32l13x.o(.text.PORTD_IRQHandler)
    [Anonymous Symbol]                       0x000002b8   Section        0  interrupts_hc32l13x.o(.text.RTC_IRQHandler)
    [Anonymous Symbol]                       0x000002c0   Section        0  interrupts_hc32l13x.o(.text.SPI0_IRQHandler)
    [Anonymous Symbol]                       0x000002c8   Section        0  interrupts_hc32l13x.o(.text.SPI1_IRQHandler)
    [Anonymous Symbol]                       0x000002d0   Section        0  ddl.o(.text.SetBit)
    [Anonymous Symbol]                       0x000002e6   Section        0  interrupts_hc32l13x.o(.text.SysTick_Handler)
    [Anonymous Symbol]                       0x000002f0   Section        0  sysctrl.o(.text.Sysctrl_GetHClkFreq)
    __arm_cp.8_0                             0x000003f4   Number         4  sysctrl.o(.text.Sysctrl_GetHClkFreq)
    __arm_cp.8_2                             0x000003f8   Number         4  sysctrl.o(.text.Sysctrl_GetHClkFreq)
    __arm_cp.8_4                             0x000003fc   Number         4  sysctrl.o(.text.Sysctrl_GetHClkFreq)
    __arm_cp.8_5                             0x00000400   Number         4  sysctrl.o(.text.Sysctrl_GetHClkFreq)
    __arm_cp.8_6                             0x00000404   Number         4  sysctrl.o(.text.Sysctrl_GetHClkFreq)
    __arm_cp.8_7                             0x00000408   Number         4  sysctrl.o(.text.Sysctrl_GetHClkFreq)
    __arm_cp.8_8                             0x0000040c   Number         4  sysctrl.o(.text.Sysctrl_GetHClkFreq)
    [Anonymous Symbol]                       0x00000410   Section        0  sysctrl.o(.text.Sysctrl_SetPeripheralGate)
    __arm_cp.18_0                            0x00000420   Number         4  sysctrl.o(.text.Sysctrl_SetPeripheralGate)
    [Anonymous Symbol]                       0x00000424   Section        0  system_hc32l13x.o(.text.SystemCoreClockUpdate)
    [Anonymous Symbol]                       0x00000430   Section        0  system_hc32l13x.o(.text.SystemInit)
    __arm_cp.1_0                             0x0000046c   Number         4  system_hc32l13x.o(.text.SystemInit)
    __arm_cp.1_1                             0x00000470   Number         4  system_hc32l13x.o(.text.SystemInit)
    __arm_cp.1_2                             0x00000474   Number         4  system_hc32l13x.o(.text.SystemInit)
    __arm_cp.1_3                             0x00000478   Number         4  system_hc32l13x.o(.text.SystemInit)
    __arm_cp.1_4                             0x0000047c   Number         4  system_hc32l13x.o(.text.SystemInit)
    __arm_cp.1_5                             0x00000480   Number         4  system_hc32l13x.o(.text.SystemInit)
    [Anonymous Symbol]                       0x00000484   Section        0  interrupts_hc32l13x.o(.text.TIM0_IRQHandler)
    [Anonymous Symbol]                       0x0000048c   Section        0  interrupts_hc32l13x.o(.text.TIM1_IRQHandler)
    [Anonymous Symbol]                       0x00000494   Section        0  interrupts_hc32l13x.o(.text.TIM2_IRQHandler)
    [Anonymous Symbol]                       0x0000049c   Section        0  interrupts_hc32l13x.o(.text.TIM3_IRQHandler)
    [Anonymous Symbol]                       0x000004a4   Section        0  interrupts_hc32l13x.o(.text.TIM4_IRQHandler)
    [Anonymous Symbol]                       0x000004ac   Section        0  interrupts_hc32l13x.o(.text.TIM5_IRQHandler)
    [Anonymous Symbol]                       0x000004b4   Section        0  interrupts_hc32l13x.o(.text.TIM6_IRQHandler)
    [Anonymous Symbol]                       0x000004bc   Section        0  interrupts_hc32l13x.o(.text.UART0_IRQHandler)
    [Anonymous Symbol]                       0x000004c4   Section        0  interrupts_hc32l13x.o(.text.UART1_IRQHandler)
    [Anonymous Symbol]                       0x000004cc   Section        0  interrupts_hc32l13x.o(.text.VC0_IRQHandler)
    [Anonymous Symbol]                       0x000004d4   Section        0  interrupts_hc32l13x.o(.text.VC1_IRQHandler)
    [Anonymous Symbol]                       0x000004dc   Section        0  interrupts_hc32l13x.o(.text.WDT_IRQHandler)
    [Anonymous Symbol]                       0x000004e4   Section        0  ddl.o(.text.delay1ms)
    __arm_cp.8_0                             0x00000524   Number         4  ddl.o(.text.delay1ms)
    __arm_cp.8_1                             0x00000528   Number         4  ddl.o(.text.delay1ms)
    __arm_cp.8_2                             0x0000052c   Number         4  ddl.o(.text.delay1ms)
    [Anonymous Symbol]                       0x00000530   Section        0  main.o(.text.main)
    i.__scatterload_copy                     0x00000582   Section       14  handlers.o(i.__scatterload_copy)
    i.__scatterload_null                     0x00000590   Section        2  handlers.o(i.__scatterload_null)
    i.__scatterload_zeroinit                 0x00000592   Section       14  handlers.o(i.__scatterload_zeroinit)
    STACK                                    0x20000008   Section      512  startup_hc32l13x.o(STACK)

    Global Symbols

    Symbol Name                              Value     Ov Type        Size  Object(Section)

    BuildAttributes$$THM_ISAv3M$S$PE$A:L22$X:L11$S22$IEEE1$IW$~IW$USESV6$~STKCKD$USESV7$WCHAR32$ENUMINT$~SHL$OSPACE$EBA8$MICROLIB$REQ8$PRES8$EABIv2 0x00000000   Number         0  anon$$obj.o ABSOLUTE
    __Vectors                                0x00000000   Data           0  startup_hc32l13x.o(RESET)
    Adc_IRQHandler                            - Undefined Weak Reference
    ClkTrim_IRQHandler                        - Undefined Weak Reference
    Dmac_IRQHandler                           - Undefined Weak Reference
    Flash_IRQHandler                          - Undefined Weak Reference
    I2c0_IRQHandler                           - Undefined Weak Reference
    I2c1_IRQHandler                           - Undefined Weak Reference
    Lcd_IRQHandler                            - Undefined Weak Reference
    LpTim_IRQHandler                          - Undefined Weak Reference
    LpUart0_IRQHandler                        - Undefined Weak Reference
    LpUart1_IRQHandler                        - Undefined Weak Reference
    Lvd_IRQHandler                            - Undefined Weak Reference
    Pca_IRQHandler                            - Undefined Weak Reference
    Pcnt_IRQHandler                           - Undefined Weak Reference
    PortA_IRQHandler                          - Undefined Weak Reference
    PortB_IRQHandler                          - Undefined Weak Reference
    PortC_IRQHandler                          - Undefined Weak Reference
    PortD_IRQHandler                          - Undefined Weak Reference
    Ram_IRQHandler                            - Undefined Weak Reference
    Rtc_IRQHandler                            - Undefined Weak Reference
    Spi0_IRQHandler                           - Undefined Weak Reference
    Spi1_IRQHandler                           - Undefined Weak Reference
    SysTick_IRQHandler                        - Undefined Weak Reference
    Tim0_IRQHandler                           - Undefined Weak Reference
    Tim1_IRQHandler                           - Undefined Weak Reference
    Tim2_IRQHandler                           - Undefined Weak Reference
    Tim3_IRQHandler                           - Undefined Weak Reference
    Tim4_IRQHandler                           - Undefined Weak Reference
    Tim5_IRQHandler                           - Undefined Weak Reference
    Tim6_IRQHandler                           - Undefined Weak Reference
    Uart0_IRQHandler                          - Undefined Weak Reference
    Uart1_IRQHandler                          - Undefined Weak Reference
    Vc0_IRQHandler                            - Undefined Weak Reference
    Vc1_IRQHandler                            - Undefined Weak Reference
    Wdt_IRQHandler                            - Undefined Weak Reference
    __cpp_initialize__aeabi_                  - Undefined Weak Reference
    __cxa_finalize                            - Undefined Weak Reference
    __decompress                              - Undefined Weak Reference
    _clock_init                               - Undefined Weak Reference
    _microlib_exit                            - Undefined Weak Reference
    __Vectors_End                            0x000000c0   Data           0  startup_hc32l13x.o(RESET)
    __Vectors_Size                           0x000000c0   Number         0  startup_hc32l13x.o ABSOLUTE
    __main                                   0x000000c1   Thumb Code     0  entry.o(.ARM.Collect$$$$00000000)
    _main_stk                                0x000000c1   Thumb Code     0  entry2.o(.ARM.Collect$$$$00000001)
    _main_scatterload                        0x000000c5   Thumb Code     0  entry5.o(.ARM.Collect$$$$00000004)
    __main_after_scatterload                 0x000000c9   Thumb Code     0  entry5.o(.ARM.Collect$$$$00000004)
    _main_clock                              0x000000c9   Thumb Code     0  entry7b.o(.ARM.Collect$$$$00000008)
    _main_cpp_init                           0x000000c9   Thumb Code     0  entry8b.o(.ARM.Collect$$$$0000000A)
    _main_init                               0x000000c9   Thumb Code     0  entry9a.o(.ARM.Collect$$$$0000000B)
    __rt_final_cpp                           0x000000d1   Thumb Code     0  entry10a.o(.ARM.Collect$$$$0000000D)
    __rt_final_exit                          0x000000d1   Thumb Code     0  entry11a.o(.ARM.Collect$$$$0000000F)
    Reset_Handler                            0x000000d5   Thumb Code    26  startup_hc32l13x.o(.text)
    NMI_Handler                              0x000000ef   Thumb Code     2  startup_hc32l13x.o(.text)
    SVC_Handler                              0x000000f3   Thumb Code     2  startup_hc32l13x.o(.text)
    PendSV_Handler                           0x000000f5   Thumb Code     2  startup_hc32l13x.o(.text)
    __aeabi_uidiv                            0x00000111   Thumb Code     0  uidiv.o(.text)
    __aeabi_uidivmod                         0x00000111   Thumb Code    44  uidiv.o(.text)
    __scatterload                            0x0000013d   Thumb Code    28  init.o(.text)
    __scatterload_rt2                        0x0000013d   Thumb Code     0  init.o(.text)
    main                                     0x00000161   Thumb Code    14  system_hc32l13x.o(.text.$Sub$$main)
    ADC_IRQHandler                           0x0000016f   Thumb Code     8  interrupts_hc32l13x.o(.text.ADC_IRQHandler)
    CLKTRIM_IRQHandler                       0x00000177   Thumb Code     8  interrupts_hc32l13x.o(.text.CLKTRIM_IRQHandler)
    DMAC_IRQHandler                          0x0000017f   Thumb Code     8  interrupts_hc32l13x.o(.text.DMAC_IRQHandler)
    FLASH_RAM_IRQHandler                     0x00000187   Thumb Code    12  interrupts_hc32l13x.o(.text.FLASH_RAM_IRQHandler)
    Gpio_ClrIO                               0x00000195   Thumb Code    20  gpio.o(.text.Gpio_ClrIO)
    Gpio_Init                                0x000001a9   Thumb Code   132  gpio.o(.text.Gpio_Init)
    Gpio_SetIO                               0x0000022d   Thumb Code    20  gpio.o(.text.Gpio_SetIO)
    HardFault_Handler                        0x00000241   Thumb Code    16  interrupts_hc32l13x.o(.text.HardFault_Handler)
    I2C0_IRQHandler                          0x00000251   Thumb Code     8  interrupts_hc32l13x.o(.text.I2C0_IRQHandler)
    I2C1_IRQHandler                          0x00000259   Thumb Code     8  interrupts_hc32l13x.o(.text.I2C1_IRQHandler)
    LCD_IRQHandler                           0x00000261   Thumb Code     8  interrupts_hc32l13x.o(.text.LCD_IRQHandler)
    LPTIM_IRQHandler                         0x00000269   Thumb Code     8  interrupts_hc32l13x.o(.text.LPTIM_IRQHandler)
    LPUART0_IRQHandler                       0x00000271   Thumb Code     8  interrupts_hc32l13x.o(.text.LPUART0_IRQHandler)
    LPUART1_IRQHandler                       0x00000279   Thumb Code     8  interrupts_hc32l13x.o(.text.LPUART1_IRQHandler)
    LVD_IRQHandler                           0x00000281   Thumb Code     8  interrupts_hc32l13x.o(.text.LVD_IRQHandler)
    PCA_IRQHandler                           0x00000289   Thumb Code     8  interrupts_hc32l13x.o(.text.PCA_IRQHandler)
    PCNT_IRQHandler                          0x00000291   Thumb Code     8  interrupts_hc32l13x.o(.text.PCNT_IRQHandler)
    PORTA_IRQHandler                         0x00000299   Thumb Code     8  interrupts_hc32l13x.o(.text.PORTA_IRQHandler)
    PORTB_IRQHandler                         0x000002a1   Thumb Code     8  interrupts_hc32l13x.o(.text.PORTB_IRQHandler)
    PORTC_IRQHandler                         0x000002a9   Thumb Code     8  interrupts_hc32l13x.o(.text.PORTC_IRQHandler)
    PORTD_IRQHandler                         0x000002b1   Thumb Code     8  interrupts_hc32l13x.o(.text.PORTD_IRQHandler)
    RTC_IRQHandler                           0x000002b9   Thumb Code     8  interrupts_hc32l13x.o(.text.RTC_IRQHandler)
    SPI0_IRQHandler                          0x000002c1   Thumb Code     8  interrupts_hc32l13x.o(.text.SPI0_IRQHandler)
    SPI1_IRQHandler                          0x000002c9   Thumb Code     8  interrupts_hc32l13x.o(.text.SPI1_IRQHandler)
    SetBit                                   0x000002d1   Thumb Code    22  ddl.o(.text.SetBit)
    SysTick_Handler                          0x000002e7   Thumb Code     8  interrupts_hc32l13x.o(.text.SysTick_Handler)
    Sysctrl_GetHClkFreq                      0x000002f1   Thumb Code   300  sysctrl.o(.text.Sysctrl_GetHClkFreq)
    Sysctrl_SetPeripheralGate                0x00000411   Thumb Code    20  sysctrl.o(.text.Sysctrl_SetPeripheralGate)
    SystemCoreClockUpdate                    0x00000425   Thumb Code    16  system_hc32l13x.o(.text.SystemCoreClockUpdate)
    SystemInit                               0x00000431   Thumb Code    84  system_hc32l13x.o(.text.SystemInit)
    TIM0_IRQHandler                          0x00000485   Thumb Code     8  interrupts_hc32l13x.o(.text.TIM0_IRQHandler)
    TIM1_IRQHandler                          0x0000048d   Thumb Code     8  interrupts_hc32l13x.o(.text.TIM1_IRQHandler)
    TIM2_IRQHandler                          0x00000495   Thumb Code     8  interrupts_hc32l13x.o(.text.TIM2_IRQHandler)
    TIM3_IRQHandler                          0x0000049d   Thumb Code     8  interrupts_hc32l13x.o(.text.TIM3_IRQHandler)
    TIM4_IRQHandler                          0x000004a5   Thumb Code     8  interrupts_hc32l13x.o(.text.TIM4_IRQHandler)
    TIM5_IRQHandler                          0x000004ad   Thumb Code     8  interrupts_hc32l13x.o(.text.TIM5_IRQHandler)
    TIM6_IRQHandler                          0x000004b5   Thumb Code     8  interrupts_hc32l13x.o(.text.TIM6_IRQHandler)
    UART0_IRQHandler                         0x000004bd   Thumb Code     8  interrupts_hc32l13x.o(.text.UART0_IRQHandler)
    UART1_IRQHandler                         0x000004c5   Thumb Code     8  interrupts_hc32l13x.o(.text.UART1_IRQHandler)
    VC0_IRQHandler                           0x000004cd   Thumb Code     8  interrupts_hc32l13x.o(.text.VC0_IRQHandler)
    VC1_IRQHandler                           0x000004d5   Thumb Code     8  interrupts_hc32l13x.o(.text.VC1_IRQHandler)
    WDT_IRQHandler                           0x000004dd   Thumb Code     8  interrupts_hc32l13x.o(.text.WDT_IRQHandler)
    delay1ms                                 0x000004e5   Thumb Code    76  ddl.o(.text.delay1ms)
    $Super$$main                             0x00000531   Thumb Code    82  main.o(.text.main)
    __scatterload_copy                       0x00000583   Thumb Code    14  handlers.o(i.__scatterload_copy)
    __scatterload_null                       0x00000591   Thumb Code     2  handlers.o(i.__scatterload_null)
    __scatterload_zeroinit                   0x00000593   Thumb Code    14  handlers.o(i.__scatterload_zeroinit)
    Region$$Table$$Base                      0x000005a0   Number         0  anon$$obj.o(Region$$Table)
    Region$$Table$$Limit                     0x000005c0   Number         0  anon$$obj.o(Region$$Table)
    SystemCoreClock                          0x20000000   Data           4  system_hc32l13x.o(.data.SystemCoreClock)
    __initial_sp                             0x20000208   Data           0  startup_hc32l13x.o(STACK)



==============================================================================

Memory Map of the image

  Image Entry point : 0x000000c1

  Load Region LR_IROM1 (Base: 0x00000000, Size: 0x000005c8, Max: 0x00010000, ABSOLUTE)

    Execution Region ER_IROM1 (Exec base: 0x00000000, Load base: 0x00000000, Size: 0x000005c0, Max: 0x00010000, ABSOLUTE)

    Exec Addr    Load Addr    Size         Type   Attr      Idx    E Section Name        Object

    0x00000000   0x00000000   0x000000c0   Data   RO            3    RESET               startup_hc32l13x.o
    0x000000c0   0x000000c0   0x00000000   Code   RO          278  * .ARM.Collect$$$$00000000  mc_p.l(entry.o)
    0x000000c0   0x000000c0   0x00000004   Code   RO          283    .ARM.Collect$$$$00000001  mc_p.l(entry2.o)
    0x000000c4   0x000000c4   0x00000004   Code   RO          286    .ARM.Collect$$$$00000004  mc_p.l(entry5.o)
    0x000000c8   0x000000c8   0x00000000   Code   RO          288    .ARM.Collect$$$$00000008  mc_p.l(entry7b.o)
    0x000000c8   0x000000c8   0x00000000   Code   RO          290    .ARM.Collect$$$$0000000A  mc_p.l(entry8b.o)
    0x000000c8   0x000000c8   0x00000008   Code   RO          291    .ARM.Collect$$$$0000000B  mc_p.l(entry9a.o)
    0x000000d0   0x000000d0   0x00000000   Code   RO          293    .ARM.Collect$$$$0000000D  mc_p.l(entry10a.o)
    0x000000d0   0x000000d0   0x00000000   Code   RO          295    .ARM.Collect$$$$0000000F  mc_p.l(entry11a.o)
    0x000000d0   0x000000d0   0x00000004   Code   RO          284    .ARM.Collect$$$$00002712  mc_p.l(entry2.o)
    0x000000d4   0x000000d4   0x0000003c   Code   RO            4    .text               startup_hc32l13x.o
    0x00000110   0x00000110   0x0000002c   Code   RO          281    .text               mc_p.l(uidiv.o)
    0x0000013c   0x0000013c   0x00000024   Code   RO          297    .text               mc_p.l(init.o)
    0x00000160   0x00000160   0x0000000e   Code   RO           96    .text.$Sub$$main    system_hc32l13x.o
    0x0000016e   0x0000016e   0x00000008   Code   RO           65    .text.ADC_IRQHandler  interrupts_hc32l13x.o
    0x00000176   0x00000176   0x00000008   Code   RO           79    .text.CLKTRIM_IRQHandler  interrupts_hc32l13x.o
    0x0000017e   0x0000017e   0x00000008   Code   RO           25    .text.DMAC_IRQHandler  interrupts_hc32l13x.o
    0x00000186   0x00000186   0x0000000c   Code   RO           77    .text.FLASH_RAM_IRQHandler  interrupts_hc32l13x.o
    0x00000192   0x00000192   0x00000002   PAD
    0x00000194   0x00000194   0x00000014   Code   RO          232    .text.Gpio_ClrIO    gpio.o
    0x000001a8   0x000001a8   0x00000084   Code   RO          216    .text.Gpio_Init     gpio.o
    0x0000022c   0x0000022c   0x00000014   Code   RO          228    .text.Gpio_SetIO    gpio.o
    0x00000240   0x00000240   0x00000010   Code   RO           13    .text.HardFault_Handler  interrupts_hc32l13x.o
    0x00000250   0x00000250   0x00000008   Code   RO           41    .text.I2C0_IRQHandler  interrupts_hc32l13x.o
    0x00000258   0x00000258   0x00000008   Code   RO           43    .text.I2C1_IRQHandler  interrupts_hc32l13x.o
    0x00000260   0x00000260   0x00000008   Code   RO           75    .text.LCD_IRQHandler  interrupts_hc32l13x.o
    0x00000268   0x00000268   0x00000008   Code   RO           51    .text.LPTIM_IRQHandler  interrupts_hc32l13x.o
    0x00000270   0x00000270   0x00000008   Code   RO           33    .text.LPUART0_IRQHandler  interrupts_hc32l13x.o
    0x00000278   0x00000278   0x00000008   Code   RO           35    .text.LPUART1_IRQHandler  interrupts_hc32l13x.o
    0x00000280   0x00000280   0x00000008   Code   RO           73    .text.LVD_IRQHandler  interrupts_hc32l13x.o
    0x00000288   0x00000288   0x00000008   Code   RO           59    .text.PCA_IRQHandler  interrupts_hc32l13x.o
    0x00000290   0x00000290   0x00000008   Code   RO           67    .text.PCNT_IRQHandler  interrupts_hc32l13x.o
    0x00000298   0x00000298   0x00000008   Code   RO           17    .text.PORTA_IRQHandler  interrupts_hc32l13x.o
    0x000002a0   0x000002a0   0x00000008   Code   RO           19    .text.PORTB_IRQHandler  interrupts_hc32l13x.o
    0x000002a8   0x000002a8   0x00000008   Code   RO           21    .text.PORTC_IRQHandler  interrupts_hc32l13x.o
    0x000002b0   0x000002b0   0x00000008   Code   RO           23    .text.PORTD_IRQHandler  interrupts_hc32l13x.o
    0x000002b8   0x000002b8   0x00000008   Code   RO           63    .text.RTC_IRQHandler  interrupts_hc32l13x.o
    0x000002c0   0x000002c0   0x00000008   Code   RO           37    .text.SPI0_IRQHandler  interrupts_hc32l13x.o
    0x000002c8   0x000002c8   0x00000008   Code   RO           39    .text.SPI1_IRQHandler  interrupts_hc32l13x.o
    0x000002d0   0x000002d0   0x00000016   Code   RO          146    .text.SetBit        ddl.o
    0x000002e6   0x000002e6   0x00000008   Code   RO           15    .text.SysTick_Handler  interrupts_hc32l13x.o
    0x000002ee   0x000002ee   0x00000002   PAD
    0x000002f0   0x000002f0   0x00000120   Code   RO          177    .text.Sysctrl_GetHClkFreq  sysctrl.o
    0x00000410   0x00000410   0x00000014   Code   RO          197    .text.Sysctrl_SetPeripheralGate  sysctrl.o
    0x00000424   0x00000424   0x0000000c   Code   RO           92    .text.SystemCoreClockUpdate  system_hc32l13x.o
    0x00000430   0x00000430   0x00000054   Code   RO           94    .text.SystemInit    system_hc32l13x.o
    0x00000484   0x00000484   0x00000008   Code   RO           45    .text.TIM0_IRQHandler  interrupts_hc32l13x.o
    0x0000048c   0x0000048c   0x00000008   Code   RO           47    .text.TIM1_IRQHandler  interrupts_hc32l13x.o
    0x00000494   0x00000494   0x00000008   Code   RO           49    .text.TIM2_IRQHandler  interrupts_hc32l13x.o
    0x0000049c   0x0000049c   0x00000008   Code   RO           27    .text.TIM3_IRQHandler  interrupts_hc32l13x.o
    0x000004a4   0x000004a4   0x00000008   Code   RO           53    .text.TIM4_IRQHandler  interrupts_hc32l13x.o
    0x000004ac   0x000004ac   0x00000008   Code   RO           55    .text.TIM5_IRQHandler  interrupts_hc32l13x.o
    0x000004b4   0x000004b4   0x00000008   Code   RO           57    .text.TIM6_IRQHandler  interrupts_hc32l13x.o
    0x000004bc   0x000004bc   0x00000008   Code   RO           29    .text.UART0_IRQHandler  interrupts_hc32l13x.o
    0x000004c4   0x000004c4   0x00000008   Code   RO           31    .text.UART1_IRQHandler  interrupts_hc32l13x.o
    0x000004cc   0x000004cc   0x00000008   Code   RO           69    .text.VC0_IRQHandler  interrupts_hc32l13x.o
    0x000004d4   0x000004d4   0x00000008   Code   RO           71    .text.VC1_IRQHandler  interrupts_hc32l13x.o
    0x000004dc   0x000004dc   0x00000008   Code   RO           61    .text.WDT_IRQHandler  interrupts_hc32l13x.o
    0x000004e4   0x000004e4   0x0000004c   Code   RO          140    .text.delay1ms      ddl.o
    0x00000530   0x00000530   0x00000052   Code   RO          110    .text.main          main.o
    0x00000582   0x00000582   0x0000000e   Code   RO          301    i.__scatterload_copy  mc_p.l(handlers.o)
    0x00000590   0x00000590   0x00000002   Code   RO          302    i.__scatterload_null  mc_p.l(handlers.o)
    0x00000592   0x00000592   0x0000000e   Code   RO          303    i.__scatterload_zeroinit  mc_p.l(handlers.o)
    0x000005a0   0x000005a0   0x00000020   Data   RO          299    Region$$Table       anon$$obj.o


    Execution Region RW_IRAM1 (Exec base: 0x20000000, Load base: 0x000005c0, Size: 0x00000208, Max: 0x00002000, ABSOLUTE)

    Exec Addr    Load Addr    Size         Type   Attr      Idx    E Section Name        Object

    0x20000000   0x000005c0   0x00000004   Data   RW           98    .data.SystemCoreClock  system_hc32l13x.o
    0x20000004   0x000005c4   0x00000004   PAD
    0x20000008        -       0x00000200   Zero   RW            1    STACK               startup_hc32l13x.o


==============================================================================

Image component sizes


      Code (inc. data)   RO Data    RW Data    ZI Data      Debug   Object Name

        98         12          0          0          0       3757   ddl.o
       172         24          0          0          0      49033   gpio.o
       284          0          0          0          0       7217   interrupts_hc32l13x.o
        82          0          0          0          0       3238   main.o
        60         22        192          0        512        632   startup_hc32l13x.o
       308         52          0          0          0      55093   sysctrl.o
       110         24          0          4          0       4768   system_hc32l13x.o

    ----------------------------------------------------------------------
      1118        134        224          4        516     123738   Object Totals
         0          0         32          0          0          0   (incl. Generated)
         4          0          0          0          4          0   (incl. Padding)

    ----------------------------------------------------------------------

      Code (inc. data)   RO Data    RW Data    ZI Data      Debug   Library Member Name

         0          0          0          0          0          0   entry.o
         0          0          0          0          0          0   entry10a.o
         0          0          0          0          0          0   entry11a.o
         8          4          0          0          0          0   entry2.o
         4          0          0          0          0          0   entry5.o
         0          0          0          0          0          0   entry7b.o
         0          0          0          0          0          0   entry8b.o
         8          4          0          0          0          0   entry9a.o
        30          0          0          0          0          0   handlers.o
        36          8          0          0          0         68   init.o
        44          0          0          0          0         72   uidiv.o

    ----------------------------------------------------------------------
       130         16          0          0          0        140   Library Totals
         0          0          0          0          0          0   (incl. Padding)

    ----------------------------------------------------------------------

      Code (inc. data)   RO Data    RW Data    ZI Data      Debug   Library Name

       130         16          0          0          0        140   mc_p.l

    ----------------------------------------------------------------------
       130         16          0          0          0        140   Library Totals

    ----------------------------------------------------------------------

==============================================================================


      Code (inc. data)   RO Data    RW Data    ZI Data      Debug   

      1248        150        224          4        516     123950   Grand Totals
      1248        150        224          4        516     123950   ELF Image Totals
      1248        150        224          4          0          0   ROM Totals

==============================================================================

    Total RO  Size (Code + RO Data)                 1472 (   1.44kB)
    Total RW  Size (RW Data + ZI Data)               520 (   0.51kB)
    Total ROM Size (Code + RO Data + RW Data)       1476 (   1.44kB)

==============================================================================

